C:\Users\ASUS\.jdks\openjdk-24.0.2+12-54\bin\java.exe "-javaagent:C:\Program Files\JetBrains\IntelliJ IDEA Community Edition 2025.1.3\lib\idea_rt.jar=49212" -Dfile.encoding=UTF-8 -Dsun.stdout.encoding=UTF-8 -Dsun.stderr.encoding=UTF-8 -classpath C:\Bach_Khoa\Nam_Bar_2025_2026\QLDAPM\BoKument\BoKument\BoKument\BE\target\classes;C:\Users\ASUS\.m2\repository\org\springframework\boot\spring-boot-starter-data-jpa\4.0.3\spring-boot-starter-data-jpa-4.0.3.jar;C:\Users\ASUS\.m2\repository\org\springframework\boot\spring-boot-starter\4.0.3\spring-boot-starter-4.0.3.jar;C:\Users\ASUS\.m2\repository\org\springframework\boot\spring-boot-starter-logging\4.0.3\spring-boot-starter-logging-4.0.3.jar;C:\Users\ASUS\.m2\repository\ch\qos\logback\logback-classic\1.5.32\logback-classic-1.5.32.jar;C:\Users\ASUS\.m2\repository\ch\qos\logback\logback-core\1.5.32\logback-core-1.5.32.jar;C:\Users\ASUS\.m2\repository\org\apache\logging\log4j\log4j-to-slf4j\2.25.3\log4j-to-slf4j-2.25.3.jar;C:\Users\ASUS\.m2\repository\org\apache\logging\log4j\log4j-api\2.25.3\log4j-api-2.25.3.jar;C:\Users\ASUS\.m2\repository\org\slf4j\jul-to-slf4j\2.0.17\jul-to-slf4j-2.0.17.jar;C:\Users\ASUS\.m2\repository\jakarta\annotation\jakarta.annotation-api\3.0.0\jakarta.annotation-api-3.0.0.jar;C:\Users\ASUS\.m2\repository\org\yaml\snakeyaml\2.5\snakeyaml-2.5.jar;C:\Users\ASUS\.m2\repository\org\springframework\boot\spring-boot-starter-jdbc\4.0.3\spring-boot-starter-jdbc-4.0.3.jar;C:\Users\ASUS\.m2\repository\com\zaxxer\HikariCP\7.0.2\HikariCP-7.0.2.jar;C:\Users\ASUS\.m2\repository\org\springframework\boot\spring-boot-data-jpa\4.0.3\spring-boot-data-jpa-4.0.3.jar;C:\Users\ASUS\.m2\repository\org\springframework\boot\spring-boot-data-commons\4.0.3\spring-boot-data-commons-4.0.3.jar;C:\Users\ASUS\.m2\repository\org\springframework\boot\spring-boot-persistence\4.0.3\spring-boot-persistence-4.0.3.jar;C:\Users\ASUS\.m2\repository\org\springframework\data\spring-data-commons\4.0.3\spring-data-commons-4.0.3.jar;C:\Users\ASUS\.m2\repository\org\springframework\boot\spring-boot-hibernate\4.0.3\spring-boot-hibernate-4.0.3.jar;C:\Users\ASUS\.m2\repository\org\springframework\boot\spring-boot-jpa\4.0.3\spring-boot-jpa-4.0.3.jar;C:\Users\ASUS\.m2\repository\jakarta\persistence\jakarta.persistence-api\3.2.0\jakarta.persistence-api-3.2.0.jar;C:\Users\ASUS\.m2\repository\org\hibernate\orm\hibernate-core\7.2.4.Final\hibernate-core-7.2.4.Final.jar;C:\Users\ASUS\.m2\repository\jakarta\transaction\jakarta.transaction-api\2.0.1\jakarta.transaction-api-2.0.1.jar;C:\Users\ASUS\.m2\repository\org\hibernate\models\hibernate-models\1.0.1\hibernate-models-1.0.1.jar;C:\Users\ASUS\.m2\repository\org\glassfish\jaxb\jaxb-runtime\4.0.6\jaxb-runtime-4.0.6.jar;C:\Users\ASUS\.m2\repository\org\glassfish\jaxb\jaxb-core\4.0.6\jaxb-core-4.0.6.jar;C:\Users\ASUS\.m2\repository\org\eclipse\angus\angus-activation\2.0.3\angus-activation-2.0.3.jar;C:\Users\ASUS\.m2\repository\org\glassfish\jaxb\txw2\4.0.6\txw2-4.0.6.jar;C:\Users\ASUS\.m2\repository\com\sun\istack\istack-commons-runtime\4.1.2\istack-commons-runtime-4.1.2.jar;C:\Users\ASUS\.m2\repository\jakarta\inject\jakarta.inject-api\2.0.1\jakarta.inject-api-2.0.1.jar;C:\Users\ASUS\.m2\repository\org\springframework\spring-orm\7.0.5\spring-orm-7.0.5.jar;C:\Users\ASUS\.m2\repository\org\springframework\data\spring-data-jpa\4.0.3\spring-data-jpa-4.0.3.jar;C:\Users\ASUS\.m2\repository\org\springframework\spring-tx\7.0.5\spring-tx-7.0.5.jar;C:\Users\ASUS\.m2\repository\org\antlr\antlr4-runtime\4.13.2\antlr4-runtime-4.13.2.jar;C:\Users\ASUS\.m2\repository\org\springframework\spring-aspects\7.0.5\spring-aspects-7.0.5.jar;C:\Users\ASUS\.m2\repository\org\aspectj\aspectjweaver\1.9.25.1\aspectjweaver-1.9.25.1.jar;C:\Users\ASUS\.m2\repository\org\springframework\boot\spring-boot-jdbc\4.0.3\spring-boot-jdbc-4.0.3.jar;C:\Users\ASUS\.m2\repository\org\springframework\boot\spring-boot-sql\4.0.3\spring-boot-sql-4.0.3.jar;C:\Users\ASUS\.m2\repository\org\springframework\boot\spring-boot-transaction\4.0.3\spring-boot-transaction-4.0.3.jar;C:\Users\ASUS\.m2\repository\org\springframework\spring-jdbc\7.0.5\spring-jdbc-7.0.5.jar;C:\Users\ASUS\.m2\repository\org\springframework\boot\spring-boot-starter-security\4.0.3\spring-boot-starter-security-4.0.3.jar;C:\Users\ASUS\.m2\repository\org\springframework\boot\spring-boot-security\4.0.3\spring-boot-security-4.0.3.jar;C:\Users\ASUS\.m2\repository\org\springframework\security\spring-security-config\7.0.3\spring-security-config-7.0.3.jar;C:\Users\ASUS\.m2\repository\org\springframework\security\spring-security-core\7.0.3\spring-security-core-7.0.3.jar;C:\Users\ASUS\.m2\repository\org\springframework\security\spring-security-crypto\7.0.3\spring-security-crypto-7.0.3.jar;C:\Users\ASUS\.m2\repository\org\springframework\security\spring-security-web\7.0.3\spring-security-web-7.0.3.jar;C:\Users\ASUS\.m2\repository\org\springframework\spring-expression\7.0.5\spring-expression-7.0.5.jar;C:\Users\ASUS\.m2\repository\org\springframework\spring-aop\7.0.5\spring-aop-7.0.5.jar;C:\Users\ASUS\.m2\repository\org\springframework\spring-beans\7.0.5\spring-beans-7.0.5.jar;C:\Users\ASUS\.m2\repository\org\springframework\spring-core\7.0.5\spring-core-7.0.5.jar;C:\Users\ASUS\.m2\repository\org\jspecify\jspecify\1.0.0\jspecify-1.0.0.jar;C:\Users\ASUS\.m2\repository\org\springframework\boot\spring-boot-starter-validation\4.0.3\spring-boot-starter-validation-4.0.3.jar;C:\Users\ASUS\.m2\repository\org\springframework\boot\spring-boot-validation\4.0.3\spring-boot-validation-4.0.3.jar;C:\Users\ASUS\.m2\repository\org\apache\tomcat\embed\tomcat-embed-el\11.0.18\tomcat-embed-el-11.0.18.jar;C:\Users\ASUS\.m2\repository\org\hibernate\validator\hibernate-validator\9.0.1.Final\hibernate-validator-9.0.1.Final.jar;C:\Users\ASUS\.m2\repository\jakarta\validation\jakarta.validation-api\3.1.1\jakarta.validation-api-3.1.1.jar;C:\Users\ASUS\.m2\repository\org\jboss\logging\jboss-logging\3.6.2.Final\jboss-logging-3.6.2.Final.jar;C:\Users\ASUS\.m2\repository\com\fasterxml\classmate\1.7.3\classmate-1.7.3.jar;C:\Users\ASUS\.m2\repository\org\springframework\boot\spring-boot-starter-webmvc\4.0.3\spring-boot-starter-webmvc-4.0.3.jar;C:\Users\ASUS\.m2\repository\org\springframework\boot\spring-boot-starter-jackson\4.0.3\spring-boot-starter-jackson-4.0.3.jar;C:\Users\ASUS\.m2\repository\org\springframework\boot\spring-boot-jackson\4.0.3\spring-boot-jackson-4.0.3.jar;C:\Users\ASUS\.m2\repository\tools\jackson\core\jackson-databind\3.0.4\jackson-databind-3.0.4.jar;C:\Users\ASUS\.m2\repository\tools\jackson\core\jackson-core\3.0.4\jackson-core-3.0.4.jar;C:\Users\ASUS\.m2\repository\org\springframework\boot\spring-boot-starter-tomcat\4.0.3\spring-boot-starter-tomcat-4.0.3.jar;C:\Users\ASUS\.m2\repository\org\springframework\boot\spring-boot-starter-tomcat-runtime\4.0.3\spring-boot-starter-tomcat-runtime-4.0.3.jar;C:\Users\ASUS\.m2\repository\org\apache\tomcat\embed\tomcat-embed-core\11.0.18\tomcat-embed-core-11.0.18.jar;C:\Users\ASUS\.m2\repository\org\apache\tomcat\embed\tomcat-embed-websocket\11.0.18\tomcat-embed-websocket-11.0.18.jar;C:\Users\ASUS\.m2\repository\org\springframework\boot\spring-boot-tomcat\4.0.3\spring-boot-tomcat-4.0.3.jar;C:\Users\ASUS\.m2\repository\org\springframework\boot\spring-boot-http-converter\4.0.3\spring-boot-http-converter-4.0.3.jar;C:\Users\ASUS\.m2\repository\org\springframework\spring-web\7.0.5\spring-web-7.0.5.jar;C:\Users\ASUS\.m2\repository\io\micrometer\micrometer-observation\1.16.3\micrometer-observation-1.16.3.jar;C:\Users\ASUS\.m2\repository\io\micrometer\micrometer-commons\1.16.3\micrometer-commons-1.16.3.jar;C:\Users\ASUS\.m2\repository\org\springframework\boot\spring-boot-webmvc\4.0.3\spring-boot-webmvc-4.0.3.jar;C:\Users\ASUS\.m2\repository\org\springframework\boot\spring-boot-servlet\4.0.3\spring-boot-servlet-4.0.3.jar;C:\Users\ASUS\.m2\repository\org\springframework\spring-webmvc\7.0.5\spring-webmvc-7.0.5.jar;C:\Users\ASUS\.m2\repository\org\springframework\boot\spring-boot-devtools\4.0.3\spring-boot-devtools-4.0.3.jar;C:\Users\ASUS\.m2\repository\org\springframework\boot\spring-boot\4.0.3\spring-boot-4.0.3.jar;C:\Users\ASUS\.m2\repository\org\springframework\spring-context\7.0.5\spring-context-7.0.5.jar;C:\Users\ASUS\.m2\repository\org\springframework\boot\spring-boot-autoconfigure\4.0.3\spring-boot-autoconfigure-4.0.3.jar;C:\Users\ASUS\.m2\repository\org\postgresql\postgresql\42.7.10\postgresql-42.7.10.jar;C:\Users\ASUS\.m2\repository\org\checkerframework\checker-qual\3.52.0\checker-qual-3.52.0.jar;C:\Users\ASUS\.m2\repository\org\projectlombok\lombok\1.18.42\lombok-1.18.42.jar;C:\Users\ASUS\.m2\repository\jakarta\xml\bind\jakarta.xml.bind-api\4.0.4\jakarta.xml.bind-api-4.0.4.jar;C:\Users\ASUS\.m2\repository\jakarta\activation\jakarta.activation-api\2.1.4\jakarta.activation-api-2.1.4.jar;C:\Users\ASUS\.m2\repository\net\bytebuddy\byte-buddy\1.17.8\byte-buddy-1.17.8.jar;C:\Users\ASUS\.m2\repository\org\springframework\boot\spring-boot-web-server\4.0.3\spring-boot-web-server-4.0.3.jar;C:\Users\ASUS\.m2\repository\io\jsonwebtoken\jjwt-api\0.13.0\jjwt-api-0.13.0.jar;C:\Users\ASUS\.m2\repository\io\jsonwebtoken\jjwt-impl\0.13.0\jjwt-impl-0.13.0.jar;C:\Users\ASUS\.m2\repository\io\jsonwebtoken\jjwt-jackson\0.13.0\jjwt-jackson-0.13.0.jar;C:\Users\ASUS\.m2\repository\software\amazon\awssdk\s3\2.42.8\s3-2.42.8.jar;C:\Users\ASUS\.m2\repository\software\amazon\awssdk\aws-xml-protocol\2.42.8\aws-xml-protocol-2.42.8.jar;C:\Users\ASUS\.m2\repository\software\amazon\awssdk\aws-query-protocol\2.42.8\aws-query-protocol-2.42.8.jar;C:\Users\ASUS\.m2\repository\software\amazon\awssdk\protocol-core\2.42.8\protocol-core-2.42.8.jar;C:\Users\ASUS\.m2\repository\software\amazon\awssdk\arns\2.42.8\arns-2.42.8.jar;C:\Users\ASUS\.m2\repository\software\amazon\awssdk\profiles\2.42.8\profiles-2.42.8.jar;C:\Users\ASUS\.m2\repository\software\amazon\awssdk\crt-core\2.42.8\crt-core-2.42.8.jar;C:\Users\ASUS\.m2\repository\software\amazon\awssdk\http-auth\2.42.8\http-auth-2.42.8.jar;C:\Users\ASUS\.m2\repository\software\amazon\awssdk\identity-spi\2.42.8\identity-spi-2.42.8.jar;C:\Users\ASUS\.m2\repository\software\amazon\awssdk\http-auth-spi\2.42.8\http-auth-spi-2.42.8.jar;C:\Users\ASUS\.m2\repository\org\reactivestreams\reactive-streams\1.0.4\reactive-streams-1.0.4.jar;C:\Users\ASUS\.m2\repository\software\amazon\awssdk\http-auth-aws\2.42.8\http-auth-aws-2.42.8.jar;C:\Users\ASUS\.m2\repository\software\amazon\awssdk\checksums\2.42.8\checksums-2.42.8.jar;C:\Users\ASUS\.m2\repository\software\amazon\awssdk\checksums-spi\2.42.8\checksums-spi-2.42.8.jar;C:\Users\ASUS\.m2\repository\software\amazon\awssdk\retries-spi\2.42.8\retries-spi-2.42.8.jar;C:\Users\ASUS\.m2\repository\software\amazon\awssdk\sdk-core\2.42.8\sdk-core-2.42.8.jar;C:\Users\ASUS\.m2\repository\software\amazon\awssdk\retries\2.42.8\retries-2.42.8.jar;C:\Users\ASUS\.m2\repository\org\slf4j\slf4j-api\2.0.17\slf4j-api-2.0.17.jar;C:\Users\ASUS\.m2\repository\software\amazon\awssdk\auth\2.42.8\auth-2.42.8.jar;C:\Users\ASUS\.m2\repository\software\amazon\awssdk\http-auth-aws-eventstream\2.42.8\http-auth-aws-eventstream-2.42.8.jar;C:\Users\ASUS\.m2\repository\software\amazon\eventstream\eventstream\1.0.1\eventstream-1.0.1.jar;C:\Users\ASUS\.m2\repository\software\amazon\awssdk\http-client-spi\2.42.8\http-client-spi-2.42.8.jar;C:\Users\ASUS\.m2\repository\software\amazon\awssdk\regions\2.42.8\regions-2.42.8.jar;C:\Users\ASUS\.m2\repository\software\amazon\awssdk\annotations\2.42.8\annotations-2.42.8.jar;C:\Users\ASUS\.m2\repository\software\amazon\awssdk\utils\2.42.8\utils-2.42.8.jar;C:\Users\ASUS\.m2\repository\software\amazon\awssdk\aws-core\2.42.8\aws-core-2.42.8.jar;C:\Users\ASUS\.m2\repository\software\amazon\awssdk\utils-lite\2.42.8\utils-lite-2.42.8.jar;C:\Users\ASUS\.m2\repository\software\amazon\awssdk\metrics-spi\2.42.8\metrics-spi-2.42.8.jar;C:\Users\ASUS\.m2\repository\software\amazon\awssdk\json-utils\2.42.8\json-utils-2.42.8.jar;C:\Users\ASUS\.m2\repository\software\amazon\awssdk\third-party-jackson-core\2.42.8\third-party-jackson-core-2.42.8.jar;C:\Users\ASUS\.m2\repository\software\amazon\awssdk\endpoints-spi\2.42.8\endpoints-spi-2.42.8.jar;C:\Users\ASUS\.m2\repository\software\amazon\awssdk\apache-client\2.42.8\apache-client-2.42.8.jar;C:\Users\ASUS\.m2\repository\org\apache\httpcomponents\httpclient\4.5.13\httpclient-4.5.13.jar;C:\Users\ASUS\.m2\repository\org\apache\httpcomponents\httpcore\4.4.16\httpcore-4.4.16.jar;C:\Users\ASUS\.m2\repository\commons-codec\commons-codec\1.19.0\commons-codec-1.19.0.jar;C:\Users\ASUS\.m2\repository\software\amazon\awssdk\netty-nio-client\2.42.8\netty-nio-client-2.42.8.jar;C:\Users\ASUS\.m2\repository\io\netty\netty-codec-http\4.2.10.Final\netty-codec-http-4.2.10.Final.jar;C:\Users\ASUS\.m2\repository\io\netty\netty-codec-base\4.2.10.Final\netty-codec-base-4.2.10.Final.jar;C:\Users\ASUS\.m2\repository\io\netty\netty-codec-compression\4.2.10.Final\netty-codec-compression-4.2.10.Final.jar;C:\Users\ASUS\.m2\repository\io\netty\netty-codec-http2\4.2.10.Final\netty-codec-http2-4.2.10.Final.jar;C:\Users\ASUS\.m2\repository\io\netty\netty-codec\4.2.10.Final\netty-codec-4.2.10.Final.jar;C:\Users\ASUS\.m2\repository\io\netty\netty-codec-protobuf\4.2.10.Final\netty-codec-protobuf-4.2.10.Final.jar;C:\Users\ASUS\.m2\repository\io\netty\netty-codec-marshalling\4.2.10.Final\netty-codec-marshalling-4.2.10.Final.jar;C:\Users\ASUS\.m2\repository\io\netty\netty-transport\4.2.10.Final\netty-transport-4.2.10.Final.jar;C:\Users\ASUS\.m2\repository\io\netty\netty-common\4.2.10.Final\netty-common-4.2.10.Final.jar;C:\Users\ASUS\.m2\repository\io\netty\netty-buffer\4.2.10.Final\netty-buffer-4.2.10.Final.jar;C:\Users\ASUS\.m2\repository\io\netty\netty-handler\4.2.10.Final\netty-handler-4.2.10.Final.jar;C:\Users\ASUS\.m2\repository\io\netty\netty-transport-native-unix-common\4.2.10.Final\netty-transport-native-unix-common-4.2.10.Final.jar;C:\Users\ASUS\.m2\repository\io\netty\netty-transport-classes-epoll\4.2.10.Final\netty-transport-classes-epoll-4.2.10.Final.jar;C:\Users\ASUS\.m2\repository\io\netty\netty-resolver\4.2.10.Final\netty-resolver-4.2.10.Final.jar;C:\Users\ASUS\.m2\repository\com\fasterxml\jackson\core\jackson-databind\2.20.2\jackson-databind-2.20.2.jar;C:\Users\ASUS\.m2\repository\com\fasterxml\jackson\core\jackson-annotations\2.20\jackson-annotations-2.20.jar;C:\Users\ASUS\.m2\repository\com\fasterxml\jackson\core\jackson-core\2.20.2\jackson-core-2.20.2.jar;C:\Users\ASUS\.m2\repository\org\apache\pdfbox\pdfbox\2.0.30\pdfbox-2.0.30.jar;C:\Users\ASUS\.m2\repository\org\apache\pdfbox\fontbox\2.0.30\fontbox-2.0.30.jar;C:\Users\ASUS\.m2\repository\commons-logging\commons-logging\1.3.5\commons-logging-1.3.5.jar com.qldapm_L01.backend_api.BackendApiApplication

  .   ____          _            __ _ _
 /\\ / ___'_ __ _ _(_)_ __  __ _ \ \ \ \
( ( )\___ | '_ | '_| | '_ \/ _` | \ \ \ \
 \\/  ___)| |_)| | | | | || (_| |  ) ) ) )
  '  |____| .__|_| |_|_| |_\__, | / / / /
 =========|_|==============|___/=/_/_/_/

 :: Spring Boot ::                (v4.0.3)

2026-04-08T17:14:14.408+07:00  INFO 91432 --- [backend-api] [  restartedMain] c.q.backend_api.BackendApiApplication    : Starting BackendApiApplication using Java 24.0.2 with PID 91432 (C:\Bach_Khoa\Nam_Bar_2025_2026\QLDAPM\BoKument\BoKument\BoKument\BE\target\classes started by ASUS in C:\Bach_Khoa\Nam_Bar_2025_2026\QLDAPM\BoKument\BoKument\BoKument\BE)
2026-04-08T17:14:14.414+07:00  INFO 91432 --- [backend-api] [  restartedMain] c.q.backend_api.BackendApiApplication    : No active profile set, falling back to 1 default profile: "default"
2026-04-08T17:14:14.504+07:00  INFO 91432 --- [backend-api] [  restartedMain] .e.DevToolsPropertyDefaultsPostProcessor : Devtools property defaults active! Set 'spring.devtools.add-properties' to 'false' to disable
2026-04-08T17:14:14.505+07:00  INFO 91432 --- [backend-api] [  restartedMain] .e.DevToolsPropertyDefaultsPostProcessor : For additional web related logging consider setting the 'logging.level.web' property to 'DEBUG'
2026-04-08T17:14:15.880+07:00  INFO 91432 --- [backend-api] [  restartedMain] .s.d.r.c.RepositoryConfigurationDelegate : Bootstrapping Spring Data JPA repositories in DEFAULT mode.
2026-04-08T17:14:15.987+07:00  INFO 91432 --- [backend-api] [  restartedMain] .s.d.r.c.RepositoryConfigurationDelegate : Finished Spring Data repository scanning in 94 ms. Found 4 JPA repository interfaces.
2026-04-08T17:14:16.953+07:00  INFO 91432 --- [backend-api] [  restartedMain] o.s.boot.tomcat.TomcatWebServer          : Tomcat initialized with port 8080 (http)
2026-04-08T17:14:16.975+07:00  INFO 91432 --- [backend-api] [  restartedMain] o.apache.catalina.core.StandardService   : Starting service [Tomcat]
2026-04-08T17:14:16.976+07:00  INFO 91432 --- [backend-api] [  restartedMain] o.apache.catalina.core.StandardEngine    : Starting Servlet engine: [Apache Tomcat/11.0.18]
2026-04-08T17:14:17.063+07:00  INFO 91432 --- [backend-api] [  restartedMain] b.w.c.s.WebApplicationContextInitializer : Root WebApplicationContext: initialization completed in 2557 ms
2026-04-08T17:14:17.301+07:00  INFO 91432 --- [backend-api] [  restartedMain] org.hibernate.orm.jpa                    : HHH008540: Processing PersistenceUnitInfo [name: default]
2026-04-08T17:14:17.403+07:00  INFO 91432 --- [backend-api] [  restartedMain] org.hibernate.orm.core                   : HHH000001: Hibernate ORM core version 7.2.4.Final
2026-04-08T17:14:18.013+07:00  INFO 91432 --- [backend-api] [  restartedMain] o.s.o.j.p.SpringPersistenceUnitInfo      : No LoadTimeWeaver setup: ignoring JPA class transformer
2026-04-08T17:14:18.052+07:00  INFO 91432 --- [backend-api] [  restartedMain] com.zaxxer.hikari.HikariDataSource       : HikariPool-1 - Starting...
2026-04-08T17:14:18.781+07:00  INFO 91432 --- [backend-api] [  restartedMain] com.zaxxer.hikari.pool.HikariPool        : HikariPool-1 - Added connection org.postgresql.jdbc.PgConnection@c051bb1
2026-04-08T17:14:18.783+07:00  INFO 91432 --- [backend-api] [  restartedMain] com.zaxxer.hikari.HikariDataSource       : HikariPool-1 - Start completed.
2026-04-08T17:14:18.875+07:00  WARN 91432 --- [backend-api] [  restartedMain] org.hibernate.orm.deprecation            : HHH90000025: PostgreSQLDialect does not need to be specified explicitly using 'hibernate.dialect' (remove the property setting and it will be selected by default)
2026-04-08T17:14:19.035+07:00  INFO 91432 --- [backend-api] [  restartedMain] org.hibernate.orm.connections.pooling    : HHH10001005: Database info:
	Database JDBC URL [jdbc:postgresql://aws-1-ap-southeast-1.pooler.supabase.com:5432/postgres?sslmode=require]
	Database driver: PostgreSQL JDBC Driver
	Database dialect: PostgreSQLDialect
	Database version: 17.6
	Default catalog/schema: postgres/public
	Autocommit mode: undefined/unknown
	Isolation level: READ_COMMITTED [default READ_COMMITTED]
	JDBC fetch size: none
	Pool: DataSourceConnectionProvider
	Minimum pool size: undefined/unknown
	Maximum pool size: undefined/unknown
2026-04-08T17:14:20.601+07:00  INFO 91432 --- [backend-api] [  restartedMain] org.hibernate.orm.core                   : HHH000489: No JTA platform available (set 'hibernate.transaction.jta.platform' to enable JTA platform integration)
2026-04-08T17:14:20.614+07:00  INFO 91432 --- [backend-api] [  restartedMain] j.LocalContainerEntityManagerFactoryBean : Initialized JPA EntityManagerFactory for persistence unit 'default'
2026-04-08T17:14:20.748+07:00  INFO 91432 --- [backend-api] [  restartedMain] o.s.d.j.r.query.QueryEnhancerFactories   : Hibernate is in classpath; If applicable, HQL parser will be used.
2026-04-08T17:14:21.288+07:00  INFO 91432 --- [backend-api] [  restartedMain] eAuthenticationProviderManagerConfigurer : Global AuthenticationManager configured with AuthenticationProvider bean with name authenticationProvider
2026-04-08T17:14:21.288+07:00  WARN 91432 --- [backend-api] [  restartedMain] r$InitializeUserDetailsManagerConfigurer : Global AuthenticationManager configured with an AuthenticationProvider bean. UserDetailsService beans will not be used by Spring Security for automatically configuring username/password login. Consider removing the AuthenticationProvider bean. Alternatively, consider using the UserDetailsService in a manually instantiated DaoAuthenticationProvider. If the current configuration is intentional, to turn off this warning, increase the logging level of 'org.springframework.security.config.annotation.authentication.configuration.InitializeUserDetailsBeanManagerConfigurer' to ERROR
2026-04-08T17:14:22.703+07:00  WARN 91432 --- [backend-api] [  restartedMain] JpaBaseConfiguration$JpaWebConfiguration : spring.jpa.open-in-view is enabled by default. Therefore, database queries may be performed during view rendering. Explicitly configure spring.jpa.open-in-view to disable this warning
2026-04-08T17:14:23.696+07:00  INFO 91432 --- [backend-api] [  restartedMain] o.s.boot.tomcat.TomcatWebServer          : Tomcat started on port 8080 (http) with context path '/'
2026-04-08T17:14:23.708+07:00  INFO 91432 --- [backend-api] [  restartedMain] c.q.backend_api.BackendApiApplication    : Started BackendApiApplication in 10.037 seconds (process running for 11.102)
Hibernate: select d1_0.id,d1_0.bucket_name,d1_0.content_type,d1_0.created_at,d1_0.description,d1_0.download_count,d1_0.object_key,d1_0.original_name,d1_0.owner_id,d1_0.page_count,d1_0.processing_status,d1_0.size,d1_0.title,d1_0.uploaded_at,d1_0.visible from documents d1_0 where d1_0.processing_status=? and d1_0.created_at<?
Hibernate: select d1_0.id,d1_0.bucket_name,d1_0.content_type,d1_0.created_at,d1_0.description,d1_0.download_count,d1_0.object_key,d1_0.original_name,d1_0.owner_id,d1_0.page_count,d1_0.processing_status,d1_0.size,d1_0.title,d1_0.uploaded_at,d1_0.visible from documents d1_0 where d1_0.processing_status=? and d1_0.uploaded_at<?
2026-04-08T17:24:08.882+07:00  INFO 91432 --- [backend-api] [0.0-8080-exec-1] o.a.c.c.C.[Tomcat].[localhost].[/]       : Initializing Spring DispatcherServlet 'dispatcherServlet'
2026-04-08T17:24:08.882+07:00  INFO 91432 --- [backend-api] [0.0-8080-exec-1] o.s.web.servlet.DispatcherServlet        : Initializing Servlet 'dispatcherServlet'
2026-04-08T17:24:08.882+07:00  INFO 91432 --- [backend-api] [0.0-8080-exec-1] o.s.web.servlet.DispatcherServlet        : Completed initialization in 0 ms
Hibernate: select u1_0.id,u1_0.email,u1_0.password,u1_0.username from users u1_0 where u1_0.username=?
Hibernate: select u1_0.id,u1_0.email,u1_0.password,u1_0.username from users u1_0 where u1_0.username=?
Hibernate: select u1_0.id,u1_0.email,u1_0.password,u1_0.username from users u1_0 where u1_0.username=?
Hibernate: select u1_0.id,u1_0.email,u1_0.password,u1_0.username from users u1_0 where u1_0.username=?
Hibernate: select u1_0.id,u1_0.email,u1_0.password,u1_0.username from users u1_0 where u1_0.username=?
Hibernate: select u1_0.id,u1_0.email,u1_0.password,u1_0.username from users u1_0 where u1_0.username=?
Hibernate: SELECT d.* FROM documents d
WHERE d.owner_id = ?
  AND (CAST(? AS text) IS NULL OR d.fts @@ websearch_to_tsquery('simple', unaccent(CAST(? AS text))))
  AND (CAST(? AS boolean) IS NULL OR d.visible = CAST(? AS boolean))
  AND (CAST(? AS int) = 0 OR EXISTS (
      SELECT 1 FROM document_tags dt JOIN tags t ON dt.tag_id = t.id
      WHERE dt.document_id = d.id AND t.name IN (?)
  ))
ORDER BY d.created_at DESC fetch first ? rows only

Hibernate: select t1_0.document_id,t1_1.id,t1_1.name from document_tags t1_0 join tags t1_1 on t1_1.id=t1_0.tag_id where t1_0.document_id=?
Hibernate: select t1_0.document_id,t1_1.id,t1_1.name from document_tags t1_0 join tags t1_1 on t1_1.id=t1_0.tag_id where t1_0.document_id=?
Hibernate: select t1_0.document_id,t1_1.id,t1_1.name from document_tags t1_0 join tags t1_1 on t1_1.id=t1_0.tag_id where t1_0.document_id=?
Hibernate: select t1_0.document_id,t1_1.id,t1_1.name from document_tags t1_0 join tags t1_1 on t1_1.id=t1_0.tag_id where t1_0.document_id=?
Hibernate: select u1_0.id,u1_0.email,u1_0.password,u1_0.username from users u1_0 where u1_0.username=?
Hibernate: select u1_0.id,u1_0.email,u1_0.password,u1_0.username from users u1_0 where u1_0.username=?
Hibernate: select u1_0.id,u1_0.email,u1_0.password,u1_0.username from users u1_0 where u1_0.username=?
Hibernate: select u1_0.id,u1_0.email,u1_0.password,u1_0.username from users u1_0 where u1_0.username=?
Hibernate: select u1_0.id,u1_0.email,u1_0.password,u1_0.username from users u1_0 where u1_0.username=?
Hibernate: select t1_0.id,t1_0.name from tags t1_0 where upper(t1_0.name)=upper(?)
Hibernate: select t1_0.id,t1_0.name from tags t1_0 where upper(t1_0.name)=upper(?)
Hibernate: insert into tags (name) values (?)
Hibernate: insert into documents (bucket_name,content_type,created_at,description,download_count,object_key,original_name,owner_id,page_count,processing_status,size,title,uploaded_at,visible,id) values (?,?,?,?,?,?,?,?,?,?,?,?,?,?,?)
Hibernate: insert into document_tags (document_id,tag_id) values (?,?)
Hibernate: insert into document_tags (document_id,tag_id) values (?,?)
Hibernate: select u1_0.id,u1_0.email,u1_0.password,u1_0.username from users u1_0 where u1_0.username=?
Hibernate: select u1_0.id,u1_0.email,u1_0.password,u1_0.username from users u1_0 where u1_0.username=?
Hibernate: select d1_0.id,d1_0.bucket_name,d1_0.content_type,d1_0.created_at,d1_0.description,d1_0.download_count,d1_0.object_key,d1_0.original_name,d1_0.owner_id,d1_0.page_count,d1_0.processing_status,d1_0.size,d1_0.title,d1_0.uploaded_at,d1_0.visible from documents d1_0 where d1_0.id=? and d1_0.owner_id=?
2026-04-08T17:24:58.296+07:00  INFO 91432 --- [backend-api] [         task-1] c.q.b.Service.PdfConversionService       : Starting download-and-process for document: 02e98dfb-f24b-407a-910d-83470edf33b2
Hibernate: update documents set bucket_name=?,content_type=?,description=?,download_count=?,object_key=?,original_name=?,owner_id=?,page_count=?,processing_status=?,size=?,title=?,uploaded_at=?,visible=? where id=?
Hibernate: select u1_0.id,u1_0.email,u1_0.password,u1_0.username from users u1_0 where u1_0.username=?
Hibernate: select u1_0.id,u1_0.email,u1_0.password,u1_0.username from users u1_0 where u1_0.username=?
Hibernate: select d1_0.id,d1_0.bucket_name,d1_0.content_type,d1_0.created_at,d1_0.description,d1_0.download_count,d1_0.object_key,d1_0.original_name,d1_0.owner_id,d1_0.page_count,d1_0.processing_status,d1_0.size,d1_0.title,d1_0.uploaded_at,d1_0.visible from documents d1_0 where d1_0.id=? and d1_0.owner_id=?
2026-04-08T17:24:58.582+07:00 ERROR 91432 --- [backend-api] [         task-1] c.q.b.Service.PdfConversionService       : Failed to process PDF for document 02e98dfb-f24b-407a-910d-83470edf33b2

software.amazon.awssdk.core.exception.SdkClientException: Unable to unmarshall response (Failed to read response into file: C:\Users\ASUS\AppData\Local\Temp\doc-02e98dfb-f24b-407a-910d-83470edf33b242731769612499195.pdf). Response Code: 200, Response Text: OK (SDK Attempt Count: 1)
	at software.amazon.awssdk.core.exception.SdkClientException$BuilderImpl.build(SdkClientException.java:130) ~[sdk-core-2.42.8.jar:na]
	at software.amazon.awssdk.core.exception.SdkClientException$BuilderImpl.build(SdkClientException.java:95) ~[sdk-core-2.42.8.jar:na]
	at software.amazon.awssdk.core.internal.http.pipeline.stages.utils.RetryableStageHelper.retryPolicyDisallowedRetryException(RetryableStageHelper.java:168) ~[sdk-core-2.42.8.jar:na]
	at software.amazon.awssdk.core.internal.http.pipeline.stages.RetryableStage.execute(RetryableStage.java:73) ~[sdk-core-2.42.8.jar:na]
	at software.amazon.awssdk.core.internal.http.pipeline.stages.RetryableStage.execute(RetryableStage.java:36) ~[sdk-core-2.42.8.jar:na]
	at software.amazon.awssdk.core.internal.http.pipeline.RequestPipelineBuilder$ComposingRequestPipelineStage.execute(RequestPipelineBuilder.java:206) ~[sdk-core-2.42.8.jar:na]
	at software.amazon.awssdk.core.internal.http.StreamManagingStage.execute(StreamManagingStage.java:53) ~[sdk-core-2.42.8.jar:na]
	at software.amazon.awssdk.core.internal.http.StreamManagingStage.execute(StreamManagingStage.java:35) ~[sdk-core-2.42.8.jar:na]
	at software.amazon.awssdk.core.internal.http.pipeline.stages.ApiCallTimeoutTrackingStage.executeWithTimer(ApiCallTimeoutTrackingStage.java:82) ~[sdk-core-2.42.8.jar:na]
	at software.amazon.awssdk.core.internal.http.pipeline.stages.ApiCallTimeoutTrackingStage.execute(ApiCallTimeoutTrackingStage.java:62) ~[sdk-core-2.42.8.jar:na]
	at software.amazon.awssdk.core.internal.http.pipeline.stages.ApiCallTimeoutTrackingStage.execute(ApiCallTimeoutTrackingStage.java:43) ~[sdk-core-2.42.8.jar:na]
	at software.amazon.awssdk.core.internal.http.pipeline.stages.ApiCallMetricCollectionStage.execute(ApiCallMetricCollectionStage.java:50) ~[sdk-core-2.42.8.jar:na]
	at software.amazon.awssdk.core.internal.http.pipeline.stages.ApiCallMetricCollectionStage.execute(ApiCallMetricCollectionStage.java:32) ~[sdk-core-2.42.8.jar:na]
	at software.amazon.awssdk.core.internal.http.pipeline.RequestPipelineBuilder$ComposingRequestPipelineStage.execute(RequestPipelineBuilder.java:206) ~[sdk-core-2.42.8.jar:na]
	at software.amazon.awssdk.core.internal.http.pipeline.RequestPipelineBuilder$ComposingRequestPipelineStage.execute(RequestPipelineBuilder.java:206) ~[sdk-core-2.42.8.jar:na]
	at software.amazon.awssdk.core.internal.http.pipeline.stages.ExecutionFailureExceptionReportingStage.execute(ExecutionFailureExceptionReportingStage.java:37) ~[sdk-core-2.42.8.jar:na]
	at software.amazon.awssdk.core.internal.http.pipeline.stages.ExecutionFailureExceptionReportingStage.execute(ExecutionFailureExceptionReportingStage.java:26) ~[sdk-core-2.42.8.jar:na]
	at software.amazon.awssdk.core.internal.http.AmazonSyncHttpClient$RequestExecutionBuilderImpl.execute(AmazonSyncHttpClient.java:210) ~[sdk-core-2.42.8.jar:na]
	at software.amazon.awssdk.core.internal.handler.BaseSyncClientHandler.invoke(BaseSyncClientHandler.java:103) ~[sdk-core-2.42.8.jar:na]
	at software.amazon.awssdk.core.internal.handler.BaseSyncClientHandler.doExecute(BaseSyncClientHandler.java:173) ~[sdk-core-2.42.8.jar:na]
	at software.amazon.awssdk.core.internal.handler.BaseSyncClientHandler.lambda$execute$0(BaseSyncClientHandler.java:66) ~[sdk-core-2.42.8.jar:na]
	at software.amazon.awssdk.core.internal.handler.BaseSyncClientHandler.measureApiCallSuccess(BaseSyncClientHandler.java:182) ~[sdk-core-2.42.8.jar:na]
	at software.amazon.awssdk.core.internal.handler.BaseSyncClientHandler.execute(BaseSyncClientHandler.java:60) ~[sdk-core-2.42.8.jar:na]
	at software.amazon.awssdk.core.client.handler.SdkSyncClientHandler.execute(SdkSyncClientHandler.java:52) ~[sdk-core-2.42.8.jar:na]
	at software.amazon.awssdk.awscore.client.handler.AwsSyncClientHandler.execute(AwsSyncClientHandler.java:60) ~[aws-core-2.42.8.jar:na]
	at software.amazon.awssdk.services.s3.DefaultS3Client.getObject(DefaultS3Client.java:6841) ~[s3-2.42.8.jar:na]
	at com.qldapm_L01.backend_api.Service.PdfConversionService.downloadAndProcess(PdfConversionService.java:46) ~[classes/:na]
	at java.base/jdk.internal.reflect.DirectMethodHandleAccessor.invoke(DirectMethodHandleAccessor.java:104) ~[na:na]
	at java.base/java.lang.reflect.Method.invoke(Method.java:565) ~[na:na]
	at org.springframework.aop.support.AopUtils.invokeJoinpointUsingReflection(AopUtils.java:359) ~[spring-aop-7.0.5.jar:7.0.5]
	at org.springframework.aop.framework.ReflectiveMethodInvocation.invokeJoinpoint(ReflectiveMethodInvocation.java:190) ~[spring-aop-7.0.5.jar:7.0.5]
	at org.springframework.aop.framework.ReflectiveMethodInvocation.proceed(ReflectiveMethodInvocation.java:158) ~[spring-aop-7.0.5.jar:7.0.5]
	at org.springframework.aop.interceptor.AsyncExecutionInterceptor.lambda$invoke$0(AsyncExecutionInterceptor.java:112) ~[spring-aop-7.0.5.jar:7.0.5]
	at java.base/java.util.concurrent.FutureTask.run(FutureTask.java:328) ~[na:na]
	at java.base/java.util.concurrent.ThreadPoolExecutor.runWorker(ThreadPoolExecutor.java:1095) ~[na:na]
	at java.base/java.util.concurrent.ThreadPoolExecutor$Worker.run(ThreadPoolExecutor.java:619) ~[na:na]
	at java.base/java.lang.Thread.run(Thread.java:1447) ~[na:na]
Caused by: software.amazon.awssdk.core.exception.NonRetryableException: Failed to read response into file: C:\Users\ASUS\AppData\Local\Temp\doc-02e98dfb-f24b-407a-910d-83470edf33b242731769612499195.pdf
	at software.amazon.awssdk.core.exception.NonRetryableException$BuilderImpl.build(NonRetryableException.java:118) ~[sdk-core-2.42.8.jar:na]
	at software.amazon.awssdk.core.internal.handler.BaseSyncClientHandler$HttpResponseHandlerAdapter.transformResponse(BaseSyncClientHandler.java:232) ~[sdk-core-2.42.8.jar:na]
	at software.amazon.awssdk.core.internal.handler.BaseSyncClientHandler$HttpResponseHandlerAdapter.handle(BaseSyncClientHandler.java:213) ~[sdk-core-2.42.8.jar:na]
	at software.amazon.awssdk.core.internal.http.CombinedResponseHandler.handleSuccessResponse(CombinedResponseHandler.java:98) ~[sdk-core-2.42.8.jar:na]
	at software.amazon.awssdk.core.internal.http.CombinedResponseHandler.handleResponse(CombinedResponseHandler.java:74) ~[sdk-core-2.42.8.jar:na]
	at software.amazon.awssdk.core.internal.http.CombinedResponseHandler.handle(CombinedResponseHandler.java:59) ~[sdk-core-2.42.8.jar:na]
	at software.amazon.awssdk.core.internal.http.CombinedResponseHandler.handle(CombinedResponseHandler.java:40) ~[sdk-core-2.42.8.jar:na]
	at software.amazon.awssdk.core.internal.http.pipeline.stages.HandleResponseStage.execute(HandleResponseStage.java:52) ~[sdk-core-2.42.8.jar:na]
	at software.amazon.awssdk.core.internal.http.pipeline.stages.HandleResponseStage.execute(HandleResponseStage.java:40) ~[sdk-core-2.42.8.jar:na]
	at software.amazon.awssdk.core.internal.http.pipeline.RequestPipelineBuilder$ComposingRequestPipelineStage.execute(RequestPipelineBuilder.java:206) ~[sdk-core-2.42.8.jar:na]
	at software.amazon.awssdk.core.internal.http.pipeline.stages.ApiCallAttemptTimeoutTrackingStage.execute(ApiCallAttemptTimeoutTrackingStage.java:74) ~[sdk-core-2.42.8.jar:na]
	at software.amazon.awssdk.core.internal.http.pipeline.stages.ApiCallAttemptTimeoutTrackingStage.execute(ApiCallAttemptTimeoutTrackingStage.java:43) ~[sdk-core-2.42.8.jar:na]
	at software.amazon.awssdk.core.internal.http.pipeline.stages.TimeoutExceptionHandlingStage.execute(TimeoutExceptionHandlingStage.java:79) ~[sdk-core-2.42.8.jar:na]
	at software.amazon.awssdk.core.internal.http.pipeline.stages.TimeoutExceptionHandlingStage.execute(TimeoutExceptionHandlingStage.java:41) ~[sdk-core-2.42.8.jar:na]
	at software.amazon.awssdk.core.internal.http.pipeline.stages.ApiCallAttemptMetricCollectionStage.execute(ApiCallAttemptMetricCollectionStage.java:58) ~[sdk-core-2.42.8.jar:na]
	at software.amazon.awssdk.core.internal.http.pipeline.stages.ApiCallAttemptMetricCollectionStage.execute(ApiCallAttemptMetricCollectionStage.java:41) ~[sdk-core-2.42.8.jar:na]
	at software.amazon.awssdk.core.internal.http.pipeline.stages.RetryableStage.executeRequest(RetryableStage.java:93) ~[sdk-core-2.42.8.jar:na]
	at software.amazon.awssdk.core.internal.http.pipeline.stages.RetryableStage.execute(RetryableStage.java:56) ~[sdk-core-2.42.8.jar:na]
	... 33 common frames omitted
Caused by: java.io.IOException: Failed to read response into file: C:\Users\ASUS\AppData\Local\Temp\doc-02e98dfb-f24b-407a-910d-83470edf33b242731769612499195.pdf
	at software.amazon.awssdk.core.sync.ResponseTransformer$1.transform(ResponseTransformer.java:130) ~[sdk-core-2.42.8.jar:na]
	at software.amazon.awssdk.core.internal.handler.BaseSyncClientHandler$HttpResponseHandlerAdapter.transformResponse(BaseSyncClientHandler.java:225) ~[sdk-core-2.42.8.jar:na]
	... 49 common frames omitted
Caused by: java.nio.file.FileAlreadyExistsException: C:\Users\ASUS\AppData\Local\Temp\doc-02e98dfb-f24b-407a-910d-83470edf33b242731769612499195.pdf
	at java.base/sun.nio.fs.WindowsException.translateToIOException(WindowsException.java:87) ~[na:na]
	at java.base/sun.nio.fs.WindowsException.rethrowAsIOException(WindowsException.java:103) ~[na:na]
	at java.base/sun.nio.fs.WindowsException.rethrowAsIOException(WindowsException.java:108) ~[na:na]
	at java.base/sun.nio.fs.WindowsFileSystemProvider.newByteChannel(WindowsFileSystemProvider.java:231) ~[na:na]
	at java.base/java.nio.file.spi.FileSystemProvider.newOutputStream(FileSystemProvider.java:426) ~[na:na]
	at java.base/java.nio.file.Files.newOutputStream(Files.java:215) ~[na:na]
	at java.base/java.nio.file.Files.copy(Files.java:2852) ~[na:na]
	at software.amazon.awssdk.core.sync.ResponseTransformer$1.transform(ResponseTransformer.java:124) ~[sdk-core-2.42.8.jar:na]
	... 50 common frames omitted

Hibernate: select d1_0.id,d1_0.bucket_name,d1_0.content_type,d1_0.created_at,d1_0.description,d1_0.download_count,d1_0.object_key,d1_0.original_name,d1_0.owner_id,d1_0.page_count,d1_0.processing_status,d1_0.size,d1_0.title,d1_0.uploaded_at,d1_0.visible from documents d1_0 where d1_0.id=?
Hibernate: update documents set bucket_name=?,content_type=?,description=?,download_count=?,object_key=?,original_name=?,owner_id=?,page_count=?,processing_status=?,size=?,title=?,uploaded_at=?,visible=? where id=?
2026-04-08T17:24:58.786+07:00  WARN 91432 --- [backend-api] [0.0-8080-exec-9] .m.m.a.ExceptionHandlerExceptionResolver : Resolved [software.amazon.awssdk.services.s3.model.S3Exception: The request signature we calculated does not match the signature you provided. Check your key and signing method. (Service: S3, Status Code: 403, Request ID: null) (SDK Attempt Count: 1)]
Hibernate: select u1_0.id,u1_0.email,u1_0.password,u1_0.username from users u1_0 where u1_0.username=?
Hibernate: select u1_0.id,u1_0.email,u1_0.password,u1_0.username from users u1_0 where u1_0.username=?
Hibernate: SELECT d.* FROM documents d
WHERE d.owner_id = ?
  AND (CAST(? AS text) IS NULL OR d.fts @@ websearch_to_tsquery('simple', unaccent(CAST(? AS text))))
  AND (CAST(? AS boolean) IS NULL OR d.visible = CAST(? AS boolean))
  AND (CAST(? AS int) = 0 OR EXISTS (
      SELECT 1 FROM document_tags dt JOIN tags t ON dt.tag_id = t.id
      WHERE dt.document_id = d.id AND t.name IN (?)
  ))
ORDER BY d.created_at DESC fetch first ? rows only

Hibernate: select u1_0.id,u1_0.email,u1_0.password,u1_0.username from users u1_0 where u1_0.username=?
Hibernate: select t1_0.document_id,t1_1.id,t1_1.name from document_tags t1_0 join tags t1_1 on t1_1.id=t1_0.tag_id where t1_0.document_id=?
Hibernate: select t1_0.document_id,t1_1.id,t1_1.name from document_tags t1_0 join tags t1_1 on t1_1.id=t1_0.tag_id where t1_0.document_id=?
Hibernate: select t1_0.document_id,t1_1.id,t1_1.name from document_tags t1_0 join tags t1_1 on t1_1.id=t1_0.tag_id where t1_0.document_id=?
Hibernate: select t1_0.document_id,t1_1.id,t1_1.name from document_tags t1_0 join tags t1_1 on t1_1.id=t1_0.tag_id where t1_0.document_id=?
Hibernate: select t1_0.document_id,t1_1.id,t1_1.name from document_tags t1_0 join tags t1_1 on t1_1.id=t1_0.tag_id where t1_0.document_id=?
Hibernate: select u1_0.id,u1_0.email,u1_0.password,u1_0.username from users u1_0 where u1_0.username=?
Hibernate: select u1_0.id,u1_0.email,u1_0.password,u1_0.username from users u1_0 where u1_0.username=?
Hibernate: select u1_0.id,u1_0.email,u1_0.password,u1_0.username from users u1_0 where u1_0.username=?
Hibernate: SELECT d.* FROM documents d
WHERE d.owner_id = ?
  AND (CAST(? AS text) IS NULL OR d.fts @@ websearch_to_tsquery('simple', unaccent(CAST(? AS text))))
  AND (CAST(? AS boolean) IS NULL OR d.visible = CAST(? AS boolean))
  AND (CAST(? AS int) = 0 OR EXISTS (
      SELECT 1 FROM document_tags dt JOIN tags t ON dt.tag_id = t.id
      WHERE dt.document_id = d.id AND t.name IN (?)
  ))
ORDER BY d.created_at DESC fetch first ? rows only

Hibernate: select t1_0.document_id,t1_1.id,t1_1.name from document_tags t1_0 join tags t1_1 on t1_1.id=t1_0.tag_id where t1_0.document_id=?
Hibernate: select t1_0.document_id,t1_1.id,t1_1.name from document_tags t1_0 join tags t1_1 on t1_1.id=t1_0.tag_id where t1_0.document_id=?
Hibernate: select t1_0.document_id,t1_1.id,t1_1.name from document_tags t1_0 join tags t1_1 on t1_1.id=t1_0.tag_id where t1_0.document_id=?
Hibernate: select t1_0.document_id,t1_1.id,t1_1.name from document_tags t1_0 join tags t1_1 on t1_1.id=t1_0.tag_id where t1_0.document_id=?
Hibernate: select t1_0.document_id,t1_1.id,t1_1.name from document_tags t1_0 join tags t1_1 on t1_1.id=t1_0.tag_id where t1_0.document_id=?
Hibernate: select u1_0.id,u1_0.email,u1_0.password,u1_0.username from users u1_0 where u1_0.username=?
Hibernate: select u1_0.id,u1_0.email,u1_0.password,u1_0.username from users u1_0 where u1_0.username=?
Hibernate: select u1_0.id,u1_0.email,u1_0.password,u1_0.username from users u1_0 where u1_0.username=?
Hibernate: select u1_0.id,u1_0.email,u1_0.password,u1_0.username from users u1_0 where u1_0.username=?
Hibernate: select u1_0.id,u1_0.email,u1_0.password,u1_0.username from users u1_0 where u1_0.username=?
Hibernate: SELECT d.* FROM documents d
WHERE d.owner_id = ?
  AND (CAST(? AS text) IS NULL OR d.fts @@ websearch_to_tsquery('simple', unaccent(CAST(? AS text))))
  AND (CAST(? AS boolean) IS NULL OR d.visible = CAST(? AS boolean))
  AND (CAST(? AS int) = 0 OR EXISTS (
      SELECT 1 FROM document_tags dt JOIN tags t ON dt.tag_id = t.id
      WHERE dt.document_id = d.id AND t.name IN (?)
  ))
ORDER BY d.created_at DESC fetch first ? rows only

Hibernate: select t1_0.document_id,t1_1.id,t1_1.name from document_tags t1_0 join tags t1_1 on t1_1.id=t1_0.tag_id where t1_0.document_id=?
Hibernate: select t1_0.document_id,t1_1.id,t1_1.name from document_tags t1_0 join tags t1_1 on t1_1.id=t1_0.tag_id where t1_0.document_id=?
Hibernate: select t1_0.document_id,t1_1.id,t1_1.name from document_tags t1_0 join tags t1_1 on t1_1.id=t1_0.tag_id where t1_0.document_id=?
Hibernate: select t1_0.document_id,t1_1.id,t1_1.name from document_tags t1_0 join tags t1_1 on t1_1.id=t1_0.tag_id where t1_0.document_id=?
Hibernate: select t1_0.document_id,t1_1.id,t1_1.name from document_tags t1_0 join tags t1_1 on t1_1.id=t1_0.tag_id where t1_0.document_id=?
Hibernate: select u1_0.id,u1_0.email,u1_0.password,u1_0.username from users u1_0 where u1_0.username=?
Hibernate: select u1_0.id,u1_0.email,u1_0.password,u1_0.username from users u1_0 where u1_0.username=?
Hibernate: select u1_0.id,u1_0.email,u1_0.password,u1_0.username from users u1_0 where u1_0.username=?
Hibernate: SELECT d.* FROM documents d
WHERE d.owner_id = ?
  AND (CAST(? AS text) IS NULL OR d.fts @@ websearch_to_tsquery('simple', unaccent(CAST(? AS text))))
  AND (CAST(? AS boolean) IS NULL OR d.visible = CAST(? AS boolean))
  AND (CAST(? AS int) = 0 OR EXISTS (
      SELECT 1 FROM document_tags dt JOIN tags t ON dt.tag_id = t.id
      WHERE dt.document_id = d.id AND t.name IN (?)
  ))
ORDER BY d.created_at DESC fetch first ? rows only

Hibernate: select t1_0.document_id,t1_1.id,t1_1.name from document_tags t1_0 join tags t1_1 on t1_1.id=t1_0.tag_id where t1_0.document_id=?
Hibernate: select u1_0.id,u1_0.email,u1_0.password,u1_0.username from users u1_0 where u1_0.username=?
Hibernate: select t1_0.document_id,t1_1.id,t1_1.name from document_tags t1_0 join tags t1_1 on t1_1.id=t1_0.tag_id where t1_0.document_id=?
Hibernate: select t1_0.document_id,t1_1.id,t1_1.name from document_tags t1_0 join tags t1_1 on t1_1.id=t1_0.tag_id where t1_0.document_id=?
Hibernate: select t1_0.document_id,t1_1.id,t1_1.name from document_tags t1_0 join tags t1_1 on t1_1.id=t1_0.tag_id where t1_0.document_id=?
Hibernate: select t1_0.document_id,t1_1.id,t1_1.name from document_tags t1_0 join tags t1_1 on t1_1.id=t1_0.tag_id where t1_0.document_id=?
Hibernate: select u1_0.id,u1_0.email,u1_0.password,u1_0.username from users u1_0 where u1_0.username=?
Hibernate: select u1_0.id,u1_0.email,u1_0.password,u1_0.username from users u1_0 where u1_0.username=?
Hibernate: select u1_0.id,u1_0.email,u1_0.password,u1_0.username from users u1_0 where u1_0.username=?
Hibernate: select d1_0.id,d1_0.bucket_name,d1_0.content_type,d1_0.created_at,d1_0.description,d1_0.download_count,d1_0.object_key,d1_0.original_name,d1_0.owner_id,d1_0.page_count,d1_0.processing_status,d1_0.size,d1_0.title,d1_0.uploaded_at,d1_0.visible from documents d1_0 where d1_0.id=? and d1_0.owner_id=?
Hibernate: select u1_0.id,u1_0.email,u1_0.password,u1_0.username from users u1_0 where u1_0.username=?
Hibernate: select u1_0.id,u1_0.email,u1_0.password,u1_0.username from users u1_0 where u1_0.username=?
Hibernate: SELECT d.* FROM documents d
WHERE d.owner_id = ?
  AND (CAST(? AS text) IS NULL OR d.fts @@ websearch_to_tsquery('simple', unaccent(CAST(? AS text))))
  AND (CAST(? AS boolean) IS NULL OR d.visible = CAST(? AS boolean))
  AND (CAST(? AS int) = 0 OR EXISTS (
      SELECT 1 FROM document_tags dt JOIN tags t ON dt.tag_id = t.id
      WHERE dt.document_id = d.id AND t.name IN (?)
  ))
ORDER BY d.created_at DESC fetch first ? rows only

Hibernate: select t1_0.document_id,t1_1.id,t1_1.name from document_tags t1_0 join tags t1_1 on t1_1.id=t1_0.tag_id where t1_0.document_id=?
Hibernate: select t1_0.document_id,t1_1.id,t1_1.name from document_tags t1_0 join tags t1_1 on t1_1.id=t1_0.tag_id where t1_0.document_id=?
Hibernate: select t1_0.document_id,t1_1.id,t1_1.name from document_tags t1_0 join tags t1_1 on t1_1.id=t1_0.tag_id where t1_0.document_id=?
Hibernate: select t1_0.document_id,t1_1.id,t1_1.name from document_tags t1_0 join tags t1_1 on t1_1.id=t1_0.tag_id where t1_0.document_id=?
Hibernate: select t1_0.document_id,t1_1.id,t1_1.name from document_tags t1_0 join tags t1_1 on t1_1.id=t1_0.tag_id where t1_0.document_id=?
Hibernate: select d1_0.id,d1_0.bucket_name,d1_0.content_type,d1_0.created_at,d1_0.description,d1_0.download_count,d1_0.object_key,d1_0.original_name,d1_0.owner_id,d1_0.page_count,d1_0.processing_status,d1_0.size,d1_0.title,d1_0.uploaded_at,d1_0.visible from documents d1_0 where d1_0.processing_status=? and d1_0.created_at<?
Hibernate: select d1_0.id,d1_0.bucket_name,d1_0.content_type,d1_0.created_at,d1_0.description,d1_0.download_count,d1_0.object_key,d1_0.original_name,d1_0.owner_id,d1_0.page_count,d1_0.processing_status,d1_0.size,d1_0.title,d1_0.uploaded_at,d1_0.visible from documents d1_0 where d1_0.processing_status=? and d1_0.uploaded_at<?
